// Jest Snapshot v1, https://goo.gl/fbAQLP

exports[`CategorySelectionScreen renders correctly 1`] = `
<RCTScrollView
  style={
    Object {
      "backgroundColor": "#FFFFFF",
      "flex": 1,
      "paddingHorizontal": 16,
    }
  }
>
  <View>
    <Text.H2
      style={
        Object {
          "paddingBottom": 16,
          "paddingTop": 20,
        }
      }
    >
      Select a category
    </Text.H2>
    <Tag
      icon="md-stats-chart-outline"
      onPress={[Function]}
      text="Coin"
    />
    <Tag
      icon="md-trending-up-outline"
      onPress={[Function]}
      text="Fungible token"
    />
    <Tag
      icon="md-barcode-sharp"
      onPress={[Function]}
      text="Mine collectible"
    />
    <Tag
      icon="md-shapes-outline"
      onPress={[Function]}
      text="Non-fungible token"
    />
    <Tag
      icon="md-rocket-outline"
      onPress={[Function]}
      text="Solo stake"
    />
    <Tag
      icon="md-receipt-outline"
      onPress={[Function]}
      text="Staking pool"
    />
    <Tag
      icon="md-people-outline"
      onPress={[Function]}
      text="Mining rig"
    />
    <Tag
      icon="md-flash"
      onPress={[Function]}
      text="Mining pool"
    />
    <Tag
      icon="md-build"
      onPress={[Function]}
      text="Custom"
    />
    <View
      style={
        Object {
          "height": 10,
        }
      }
    />
  </View>
</RCTScrollView>
`;
